
> agente@0.0.0 build
> tsc -b && vite build

src/components/ConfigIntegracaoModal.tsx(13,10): error TS1484: 'TipoCanalIntegracao' is a type and must be imported using a type-only import when 'verbatimModuleSyntax' is enabled.
src/components/ConfigIntegracaoModal.tsx(13,31): error TS1484: 'ConfigIntegracao' is a type and must be imported using a type-only import when 'verbatimModuleSyntax' is enabled.
src/pages/Configuracoes.tsx(9,10): error TS1484: 'TipoCanalIntegracao' is a type and must be imported using a type-only import when 'verbatimModuleSyntax' is enabled.
src/pages/ConnectHub.tsx(87,74): error TS2322: Type '{ className: string; title: string; }' is not assignable to type 'IntrinsicAttributes & Omit<LucideProps, "ref"> & RefAttributes<SVGSVGElement>'.
  Property 'title' does not exist on type 'IntrinsicAttributes & Omit<LucideProps, "ref"> & RefAttributes<SVGSVGElement>'.
src/pages/ConnectHub.tsx(88,78): error TS2322: Type '{ className: string; title: string; }' is not assignable to type 'IntrinsicAttributes & Omit<LucideProps, "ref"> & RefAttributes<SVGSVGElement>'.
  Property 'title' does not exist on type 'IntrinsicAttributes & Omit<LucideProps, "ref"> & RefAttributes<SVGSVGElement>'.
src/pages/ConnectHub.tsx(89,58): error TS2322: Type '{ className: string; title: string; }' is not assignable to type 'IntrinsicAttributes & Omit<LucideProps, "ref"> & RefAttributes<SVGSVGElement>'.
  Property 'title' does not exist on type 'IntrinsicAttributes & Omit<LucideProps, "ref"> & RefAttributes<SVGSVGElement>'.
